  ___                       _                  _     
 / _ \ _ __   ___ _ __     | | __ _ _ ____   _(_)___ 
| | | | '_ \ / _ \ '_ \ _  | |/ _` | '__\ \ / / / __|
| |_| | |_) |  __/ | | | |_| | (_| | |   \ V /| \__ \
 \___/| .__/ \___|_| |_|\___/ \__,_|_|    \_/ |_|___/
      |_|                                            
      Personal AI, On Personal Devices

  Energy: nvidia (hw_counter)
  Model:  step1-stub (stub — Step 1 only)
  Speech: faster-whisper
  Scheduler: active
Starting OpenJarvis API server
  Engine: multi
  Model:  step1-stub
  Agent:  orchestrator
  URL:    http://127.0.0.1:8000
INFO:     Started server process [2112]
INFO:     Waiting for application startup.
INFO:     Application startup complete.
ERROR:    [Errno 10048] error while attempting to bind on address ('127.0.0.1', 8000): [winerror 10048] only one usage of each socket address (protocol/network address/port) is normally permitted
INFO:     Waiting for application shutdown.
INFO:     Application shutdown complete.
